Journal logging started
=========================================
TRUST has caused an error and will stop.
Unexpected error during TRUST calculation.
Error triggered at line 1 in ctest.data
